// Jest Snapshot v1, https://goo.gl/fbAQLP

exports[`Info render properly 1`] = `null`;
